// Jest Snapshot v1, https://goo.gl/fbAQLP

exports[`renders Edit Account Information correctly 1`] = `
<form
  onSubmit={[Function]}
>
  <div
    className="MuiGrid-root MuiGrid-container MuiGrid-spacing-xs-2"
  >
    <div
      className="MuiGrid-root MuiGrid-item MuiGrid-grid-xs-12"
    >
      <h4
        className="MuiTypography-root MuiTypography-h4"
      >
        Edit your account information
      </h4>
    </div>
    <div
      className="MuiGrid-root MuiGrid-item MuiGrid-grid-xs-12"
    >
      <div
        className="MuiGrid-root MuiGrid-container MuiGrid-direction-xs-column MuiGrid-align-items-xs-center MuiGrid-justify-content-xs-center"
      >
        <div
          className="MuiGrid-root makeStyles-inputContainer-1 MuiGrid-item"
        >
          <p
            className="MuiTypography-root makeStyles-inputLabel-2 MuiTypography-body1"
          >
            User Name
          </p>
          <div
            className="MuiFormControl-root MuiTextField-root makeStyles-inputField-3 MuiFormControl-marginDense MuiFormControl-fullWidth"
          >
            <div
              className="MuiInputBase-root MuiOutlinedInput-root Mui-disabled Mui-disabled MuiInputBase-fullWidth MuiInputBase-formControl MuiInputBase-marginDense MuiOutlinedInput-marginDense"
              onClick={[Function]}
            >
              <input
                aria-invalid={false}
                autoFocus={false}
                className="MuiInputBase-input MuiOutlinedInput-input Mui-disabled Mui-disabled MuiInputBase-inputMarginDense MuiOutlinedInput-inputMarginDense"
                disabled={true}
                name="username"
                onAnimationStart={[Function]}
                onBlur={[Function]}
                onChange={[Function]}
                onFocus={[Function]}
                required={true}
                type="text"
                value="username"
              />
              <fieldset
                aria-hidden={true}
                className="PrivateNotchedOutline-root-5 MuiOutlinedInput-notchedOutline"
                style={
                  Object {
                    "paddingLeft": 8,
                  }
                }
              >
                <legend
                  className="PrivateNotchedOutline-legend-6"
                  style={
                    Object {
                      "width": 0.01,
                    }
                  }
                >
                  <span
                    dangerouslySetInnerHTML={
                      Object {
                        "__html": "&#8203;",
                      }
                    }
                  />
                </legend>
              </fieldset>
            </div>
          </div>
        </div>
        <div
          className="MuiGrid-root makeStyles-inputContainer-1 MuiGrid-item"
        >
          <p
            className="MuiTypography-root makeStyles-inputLabel-2 MuiTypography-body1"
          >
            Full Name
          </p>
          <div
            className="MuiFormControl-root MuiTextField-root makeStyles-inputField-3 MuiFormControl-marginDense MuiFormControl-fullWidth"
          >
            <div
              className="MuiInputBase-root MuiOutlinedInput-root MuiInputBase-fullWidth MuiInputBase-formControl MuiInputBase-marginDense MuiOutlinedInput-marginDense"
              onClick={[Function]}
            >
              <input
                aria-invalid={false}
                autoFocus={false}
                className="MuiInputBase-input MuiOutlinedInput-input MuiInputBase-inputMarginDense MuiOutlinedInput-inputMarginDense"
                disabled={false}
                name="fullName"
                onAnimationStart={[Function]}
                onBlur={[Function]}
                onChange={[Function]}
                onFocus={[Function]}
                required={true}
                type="text"
                value="fullName"
              />
              <fieldset
                aria-hidden={true}
                className="PrivateNotchedOutline-root-5 MuiOutlinedInput-notchedOutline"
                style={
                  Object {
                    "paddingLeft": 8,
                  }
                }
              >
                <legend
                  className="PrivateNotchedOutline-legend-6"
                  style={
                    Object {
                      "width": 0.01,
                    }
                  }
                >
                  <span
                    dangerouslySetInnerHTML={
                      Object {
                        "__html": "&#8203;",
                      }
                    }
                  />
                </legend>
              </fieldset>
            </div>
          </div>
        </div>
        <div
          className="MuiGrid-root makeStyles-inputContainer-1 MuiGrid-item"
        >
          <p
            className="MuiTypography-root makeStyles-inputLabel-2 MuiTypography-body1"
          >
            Email
          </p>
          <div
            className="MuiFormControl-root MuiTextField-root makeStyles-inputField-3 MuiFormControl-marginDense MuiFormControl-fullWidth"
          >
            <div
              className="MuiInputBase-root MuiOutlinedInput-root MuiInputBase-fullWidth MuiInputBase-formControl MuiInputBase-marginDense MuiOutlinedInput-marginDense"
              onClick={[Function]}
            >
              <input
                aria-invalid={false}
                autoFocus={false}
                className="MuiInputBase-input MuiOutlinedInput-input MuiInputBase-inputMarginDense MuiOutlinedInput-inputMarginDense"
                disabled={false}
                name="email"
                onAnimationStart={[Function]}
                onBlur={[Function]}
                onChange={[Function]}
                onFocus={[Function]}
                required={true}
                type="text"
              />
              <fieldset
                aria-hidden={true}
                className="PrivateNotchedOutline-root-5 MuiOutlinedInput-notchedOutline"
                style={
                  Object {
                    "paddingLeft": 8,
                  }
                }
              >
                <legend
                  className="PrivateNotchedOutline-legend-6"
                  style={
                    Object {
                      "width": 0.01,
                    }
                  }
                >
                  <span
                    dangerouslySetInnerHTML={
                      Object {
                        "__html": "&#8203;",
                      }
                    }
                  />
                </legend>
              </fieldset>
            </div>
          </div>
        </div>
        <div
          className="MuiGrid-root makeStyles-inputContainer-1 MuiGrid-item"
        >
          <p
            className="MuiTypography-root makeStyles-inputLabel-2 MuiTypography-body1"
          >
            Address
          </p>
          <div
            className="MuiFormControl-root MuiTextField-root makeStyles-inputField-3 MuiFormControl-marginDense MuiFormControl-fullWidth"
          >
            <div
              className="MuiInputBase-root MuiOutlinedInput-root MuiInputBase-fullWidth MuiInputBase-formControl MuiInputBase-marginDense MuiOutlinedInput-marginDense"
              onClick={[Function]}
            >
              <input
                aria-invalid={false}
                autoFocus={false}
                className="MuiInputBase-input MuiOutlinedInput-input MuiInputBase-inputMarginDense MuiOutlinedInput-inputMarginDense"
                disabled={false}
                name="address"
                onAnimationStart={[Function]}
                onBlur={[Function]}
                onChange={[Function]}
                onFocus={[Function]}
                required={true}
                type="text"
                value="address"
              />
              <fieldset
                aria-hidden={true}
                className="PrivateNotchedOutline-root-5 MuiOutlinedInput-notchedOutline"
                style={
                  Object {
                    "paddingLeft": 8,
                  }
                }
              >
                <legend
                  className="PrivateNotchedOutline-legend-6"
                  style={
                    Object {
                      "width": 0.01,
                    }
                  }
                >
                  <span
                    dangerouslySetInnerHTML={
                      Object {
                        "__html": "&#8203;",
                      }
                    }
                  />
                </legend>
              </fieldset>
            </div>
          </div>
        </div>
        <div
          className="MuiGrid-root makeStyles-buttonContainer-4 MuiGrid-item"
        >
          <button
            className="MuiButtonBase-root MuiButton-root MuiButton-contained MuiButton-containedPrimary MuiButton-containedSizeLarge MuiButton-sizeLarge"
            disabled={false}
            onBlur={[Function]}
            onDragLeave={[Function]}
            onFocus={[Function]}
            onKeyDown={[Function]}
            onKeyUp={[Function]}
            onMouseDown={[Function]}
            onMouseLeave={[Function]}
            onMouseUp={[Function]}
            onTouchEnd={[Function]}
            onTouchMove={[Function]}
            onTouchStart={[Function]}
            tabIndex={0}
            type="submit"
          >
            <span
              className="MuiButton-label"
            >
              SAVE
            </span>
          </button>
        </div>
      </div>
    </div>
  </div>
</form>
`;
