// Jest Snapshot v1, https://goo.gl/fbAQLP

exports[`renders Search Bar correctly 1`] = `
<div
  className="makeStyles-grow-1"
>
  <header
    className="MuiPaper-root MuiAppBar-root MuiAppBar-positionStatic MuiAppBar-colorPrimary MuiPaper-elevation4"
  >
    <div
      className="MuiToolbar-root MuiToolbar-regular MuiToolbar-gutters"
    >
      <button
        className="MuiButtonBase-root MuiButton-root MuiButton-text"
        disabled={false}
        onBlur={[Function]}
        onClick={[Function]}
        onDragLeave={[Function]}
        onFocus={[Function]}
        onKeyDown={[Function]}
        onKeyUp={[Function]}
        onMouseDown={[Function]}
        onMouseLeave={[Function]}
        onMouseUp={[Function]}
        onTouchEnd={[Function]}
        onTouchMove={[Function]}
        onTouchStart={[Function]}
        tabIndex={0}
        type="button"
      >
        <span
          className="MuiButton-label"
        >
          <h6
            className="MuiTypography-root makeStyles-title-3 MuiTypography-h6 MuiTypography-noWrap"
          >
            BOOKEROO
          </h6>
        </span>
      </button>
      <div
        className="makeStyles-grow-1"
      />
      <div
        className="makeStyles-sectionDesktop-8"
      >
        <div
          className="MuiGrid-root MuiGrid-container MuiGrid-align-items-xs-center"
        >
          <div
            className="MuiGrid-root MuiGrid-item"
          >
            <div
              className="MuiFormControl-root"
            >
              <div
                className="MuiInputBase-root MuiInput-root MuiInput-underline MuiInputBase-formControl MuiInput-formControl MuiInputBase-marginDense MuiInput-marginDense"
                onClick={[Function]}
              >
                <div
                  aria-haspopup="listbox"
                  className="MuiSelect-root MuiSelect-select MuiSelect-selectMenu MuiInputBase-input MuiInput-input MuiInputBase-inputMarginDense MuiInput-inputMarginDense"
                  onBlur={[Function]}
                  onFocus={[Function]}
                  onKeyDown={[Function]}
                  onMouseDown={[Function]}
                  role="button"
                  tabIndex={0}
                >
                  Title
                </div>
                <input
                  aria-hidden={true}
                  className="MuiSelect-nativeInput"
                  onAnimationStart={[Function]}
                  onChange={[Function]}
                  required={false}
                  tabIndex={-1}
                  value="title"
                />
                <svg
                  aria-hidden={true}
                  className="MuiSvgIcon-root MuiSelect-icon"
                  focusable="false"
                  viewBox="0 0 24 24"
                >
                  <path
                    d="M7 10l5 5 5-5z"
                  />
                </svg>
              </div>
            </div>
          </div>
          <div
            className="MuiGrid-root MuiGrid-item"
          >
            <div
              className="makeStyles-search-4"
            >
              <div
                className="makeStyles-searchIcon-5"
              >
                <svg
                  aria-hidden={true}
                  className="MuiSvgIcon-root"
                  focusable="false"
                  viewBox="0 0 24 24"
                >
                  <path
                    d="M15.5 14h-.79l-.28-.27C15.41 12.59 16 11.11 16 9.5 16 5.91 13.09 3 9.5 3S3 5.91 3 9.5 5.91 16 9.5 16c1.61 0 3.09-.59 4.23-1.57l.27.28v.79l5 4.99L20.49 19l-4.99-5zm-6 0C7.01 14 5 11.99 5 9.5S7.01 5 9.5 5 14 7.01 14 9.5 11.99 14 9.5 14z"
                  />
                </svg>
              </div>
              <div
                className="MuiInputBase-root makeStyles-inputRoot-6"
                onClick={[Function]}
              >
                <input
                  aria-label="search"
                  className="MuiInputBase-input makeStyles-inputInput-7"
                  onAnimationStart={[Function]}
                  onBlur={[Function]}
                  onChange={[Function]}
                  onFocus={[Function]}
                  placeholder="Searchâ€¦"
                  type="text"
                  value=""
                />
              </div>
            </div>
          </div>
          <div
            className="MuiGrid-root MuiGrid-item"
          >
            <button
              className="MuiButtonBase-root MuiButton-root MuiButton-outlined"
              disabled={false}
              onBlur={[Function]}
              onClick={[Function]}
              onDragLeave={[Function]}
              onFocus={[Function]}
              onKeyDown={[Function]}
              onKeyUp={[Function]}
              onMouseDown={[Function]}
              onMouseLeave={[Function]}
              onMouseUp={[Function]}
              onTouchEnd={[Function]}
              onTouchMove={[Function]}
              onTouchStart={[Function]}
              tabIndex={0}
              type="button"
            >
              <span
                className="MuiButton-label"
              >
                Search
              </span>
            </button>
          </div>
        </div>
        <button
          className="MuiButtonBase-root MuiButton-root MuiButton-text"
          disabled={false}
          onBlur={[Function]}
          onClick={[Function]}
          onDragLeave={[Function]}
          onFocus={[Function]}
          onKeyDown={[Function]}
          onKeyUp={[Function]}
          onMouseDown={[Function]}
          onMouseLeave={[Function]}
          onMouseUp={[Function]}
          onTouchEnd={[Function]}
          onTouchMove={[Function]}
          onTouchStart={[Function]}
          tabIndex={0}
          type="button"
        >
          <span
            className="MuiButton-label"
          >
            login
          </span>
        </button>
        <button
          className="MuiButtonBase-root MuiButton-root MuiButton-text"
          disabled={false}
          onBlur={[Function]}
          onClick={[Function]}
          onDragLeave={[Function]}
          onFocus={[Function]}
          onKeyDown={[Function]}
          onKeyUp={[Function]}
          onMouseDown={[Function]}
          onMouseLeave={[Function]}
          onMouseUp={[Function]}
          onTouchEnd={[Function]}
          onTouchMove={[Function]}
          onTouchStart={[Function]}
          tabIndex={0}
          type="button"
        >
          <span
            className="MuiButton-label"
          >
            signup
          </span>
        </button>
      </div>
    </div>
  </header>
</div>
`;
