// Jest Snapshot v1, https://goo.gl/fbAQLP

exports[`renders UserNameTitle when there is no user 1`] = `null`;
